MO rm_hdr NULL /root/NetFPGA-Danilo/lib/verilog/core/io_queues/add_rm_hdr/src/rm_hdr.v vlg28/rm__hdr.bin 1452536700
MO generic_table_regs NULL /root/NetFPGA-Danilo/lib/verilog/core/utils/generic_regs/src/generic_table_regs.v vlg3C/generic__table__regs.bin 1452536700
MO user_data_path NULL ../src/user_data_path.v vlg68/user__data__path.bin 1452536700
MO fallthrough_small_fifo NULL /root/NetFPGA-Danilo/lib/verilog/core/utils/src/fallthrough_small_fifo.v vlg1F/fallthrough__small__fifo.bin 1452536700
MO nf2_mdio NULL /root/NetFPGA-Danilo/lib/verilog/core/io/mdio/src/nf2_mdio.v vlg2E/nf2__mdio.bin 1452536700
MO oq_header_parser NULL /root/NetFPGA-Danilo/lib/verilog/core/output_queues/sram_rr_output_queues/src/oq_header_parser.v vlg24/oq__header__parser.bin 1452536700
MO output_queues NULL /root/NetFPGA-Danilo/lib/verilog/core/output_queues/sram_rr_output_queues/src/output_queues.v vlg68/output__queues.bin 1452536700
MO module_template NULL ../src/module_template.v vlg29/module__template.bin 1452536700
MO generic_regs NULL /root/NetFPGA-Danilo/lib/verilog/core/utils/generic_regs/src/generic_regs.v vlg79/generic__regs.bin 1452536700
MO nf2_dma_que_intfc NULL /root/NetFPGA-Danilo/lib/verilog/core/dma/src/nf2_dma_que_intfc.v vlg58/nf2__dma__que__intfc.bin 1452536700
MO add_rm_hdr NULL /root/NetFPGA-Danilo/lib/verilog/core/io_queues/add_rm_hdr/src/add_rm_hdr.v vlg3C/add__rm__hdr.bin 1452536700
MO mac_grp_regs NULL /root/NetFPGA-Danilo/lib/verilog/core/io_queues/ethernet_queue/src/mac_grp_regs.v vlg39/mac__grp__regs.bin 1452536700
MO cpu_dma_queue NULL /root/NetFPGA-Danilo/lib/verilog/core/io_queues/cpu_dma_queue/src/cpu_dma_queue.v vlg79/cpu__dma__queue.bin 1452536700
MO add_hdr NULL /root/NetFPGA-Danilo/lib/verilog/core/io_queues/add_rm_hdr/src/add_hdr.v vlg32/add__hdr.bin 1452536700
MO cpu_dma_tx_queue NULL /root/NetFPGA-Danilo/lib/verilog/core/io_queues/cpu_dma_queue/src/cpu_dma_tx_queue.v vlg10/cpu__dma__tx__queue.bin 1452536700
MO nf2_core NULL /root/NetFPGA-Danilo/lib/verilog/core/nf2/reference_core/src/nf2_core.v vlg02/nf2__core.bin 1452536700
MO in_arb_regs NULL /root/NetFPGA-Danilo/lib/verilog/core/input_arbiter/rr_input_arbiter/src/in_arb_regs.v vlg4B/in__arb__regs.bin 1452536700
MO oq_reg_instances NULL /root/NetFPGA-Danilo/lib/verilog/core/output_queues/sram_rr_output_queues/src/oq_reg_instances.v vlg00/oq__reg__instances.bin 1452536700
MO nf2_dma_sync NULL /root/NetFPGA-Danilo/lib/verilog/core/dma/src/nf2_dma_sync.v vlg53/nf2__dma__sync.bin 1452536700
MO device_id_reg NULL /root/NetFPGA-Danilo/lib/verilog/core/utils/src/device_id_reg.v vlg69/device__id__reg.bin 1452536700
MO generic_sw_regs NULL /root/NetFPGA-Danilo/lib/verilog/core/utils/generic_regs/src/generic_sw_regs.v vlg26/generic__sw__regs.bin 1452536700
MO cnet_sram_sm NULL /root/NetFPGA-Danilo/lib/verilog/core/sram_arbiter/sram_weighted_rr/src/cnet_sram_sm.v vlg17/cnet__sram__sm.bin 1452536700
MO output_port_lookup NULL /root/NetFPGA-Danilo/lib/verilog/core/output_port_lookup/nic/src/output_port_lookup.v vlg26/output__port__lookup.bin 1452536700
MO dump NULL /root/NetFPGA-Danilo/lib/verilog/core/nf2/generic_top/src/dump.v vlg52/dump.bin 1452536700
MO nf2_mac_grp NULL /root/NetFPGA-Danilo/lib/verilog/core/io_queues/ethernet_queue/src/nf2_mac_grp.v vlg1A/nf2__mac__grp.bin 1452536700
MO arbitrator NULL /root/NetFPGA-Danilo/lib/verilog/core/utils/src/arbitrator.v vlg06/arbitrator.bin 1452536700
MO gig_eth_mac_rx NULL /root/NetFPGA-Danilo/lib/verilog/contrib/ucsd/gig_eth_mac/src/gig_eth_mac_rx.v vlg1C/gig__eth__mac__rx.bin 1452536700
MO recwind_modifier NULL ../src/recwind_modifier.v vlg2A/recwind__modifier.bin 1452536700
MO gig_eth_mac_tx NULL /root/NetFPGA-Danilo/lib/verilog/contrib/ucsd/gig_eth_mac/src/gig_eth_mac_tx.v vlg26/gig__eth__mac__tx.bin 1452536700
MO oq_regs_host_iface NULL /root/NetFPGA-Danilo/lib/verilog/core/output_queues/sram_rr_output_queues/src/oq_regs_host_iface.v vlg40/oq__regs__host__iface.bin 1452536700
MO cpu_dma_queue_no_regs NULL /root/NetFPGA-Danilo/lib/verilog/core/io_queues/cpu_dma_queue/src/cpu_dma_queue_no_regs.v vlg51/cpu__dma__queue__no__regs.bin 1452536700
MO oq_reg_helper NULL /root/NetFPGA-Danilo/lib/verilog/core/output_queues/sram_rr_output_queues/src/oq_reg_helper.v vlg78/oq__reg__helper.bin 1452536700
MO CRC_chk NULL /root/NetFPGA-Danilo/lib/verilog/contrib/ucsd/gig_eth_mac/src/CRC_chk.v vlg69/_c_r_c__chk.bin 1452536700
MO oq_regs_ctrl NULL /root/NetFPGA-Danilo/lib/verilog/core/output_queues/sram_rr_output_queues/src/oq_regs_ctrl.v vlg58/oq__regs__ctrl.bin 1452536700
MO store_pkt NULL /root/NetFPGA-Danilo/lib/verilog/core/output_queues/sram_rr_output_queues/src/store_pkt.v vlg6B/store__pkt.bin 1452536700
MO tx_queue NULL /root/NetFPGA-Danilo/lib/verilog/core/io_queues/ethernet_queue/src/tx_queue.v vlg54/tx__queue.bin 1452536700
MO sram_reg_access NULL /root/NetFPGA-Danilo/lib/verilog/core/sram_arbiter/sram_weighted_rr/src/sram_reg_access.v vlg15/sram__reg__access.bin 1452536700
MO generic_cntr_regs NULL /root/NetFPGA-Danilo/lib/verilog/core/utils/generic_regs/src/generic_cntr_regs.v vlg1F/generic__cntr__regs.bin 1452536700
MO nf2_dma_bus_fsm NULL /root/NetFPGA-Danilo/lib/verilog/core/dma/src/nf2_dma_bus_fsm.v vlg7D/nf2__dma__bus__fsm.bin 1452536700
MO remove_pkt NULL /root/NetFPGA-Danilo/lib/verilog/core/output_queues/sram_rr_output_queues/src/remove_pkt.v vlg30/remove__pkt.bin 1452536700
MO cpu_dma_rx_queue NULL /root/NetFPGA-Danilo/lib/verilog/core/io_queues/cpu_dma_queue/src/cpu_dma_rx_queue.v vlg36/cpu__dma__rx__queue.bin 1452536700
MO rgmii_io NULL /root/NetFPGA-Danilo/lib/verilog/core/nf2/generic_top/src/rgmii_io.v vlg1B/rgmii__io.bin 1452536700
MO gig_eth_mac NULL /root/NetFPGA-Danilo/lib/verilog/contrib/ucsd/gig_eth_mac/src/gig_eth_mac.v vlg1F/gig__eth__mac.bin 1452536700
MO oq_regs_dual_port_ram NULL /root/NetFPGA-Danilo/lib/verilog/core/output_queues/sram_rr_output_queues/src/oq_regs_dual_port_ram.v vlg18/oq__regs__dual__port__ram.bin 1452536700
MO cpci_bus NULL /root/NetFPGA-Danilo/lib/verilog/core/cpci_bus/src/cpci_bus.v vlg60/cpci__bus.bin 1452536700
MO fallthrough_small_fifo_old NULL /root/NetFPGA-Danilo/lib/verilog/core/utils/src/fallthrough_small_fifo_old.v vlg69/fallthrough__small__fifo__old.bin 1452536700
MO generic_hw_regs NULL /root/NetFPGA-Danilo/lib/verilog/core/utils/generic_regs/src/generic_hw_regs.v vlg43/generic__hw__regs.bin 1452536700
MO nf2_dma NULL /root/NetFPGA-Danilo/lib/verilog/core/dma/src/nf2_dma.v vlg37/nf2__dma.bin 1452536700
MO oq_regs_eval_full NULL /root/NetFPGA-Danilo/lib/verilog/core/output_queues/sram_rr_output_queues/src/oq_regs_eval_full.v vlg6D/oq__regs__eval__full.bin 1452536700
MO oq_regs_eval_empty NULL /root/NetFPGA-Danilo/lib/verilog/core/output_queues/sram_rr_output_queues/src/oq_regs_eval_empty.v vlg4D/oq__regs__eval__empty.bin 1452536700
MO nf2_reg_grp NULL /root/NetFPGA-Danilo/lib/verilog/core/nf2/reference_core/src/nf2_reg_grp.v vlg5F/nf2__reg__grp.bin 1452536700
MO decoder NULL /root/NetFPGA-Danilo/lib/verilog/core/utils/src/decoder.v vlg02/decoder.bin 1452536700
MO oq_regs NULL /root/NetFPGA-Danilo/lib/verilog/core/output_queues/sram_rr_output_queues/src/oq_regs.v vlg38/oq__regs.bin 1452536700
MO sram_arbiter NULL /root/NetFPGA-Danilo/lib/verilog/core/sram_arbiter/sram_weighted_rr/src/sram_arbiter.v vlg37/sram__arbiter.bin 1452536700
MO nf2_dma_regs NULL /root/NetFPGA-Danilo/lib/verilog/core/dma/src/nf2_dma_regs.v vlg4F/nf2__dma__regs.bin 1452536700
MO nf2_top NULL /root/NetFPGA-Danilo/lib/verilog/core/nf2/generic_top/src/nf2_top.v vlg60/nf2__top.bin 1452536700
MO cpu_dma_queue_regs NULL /root/NetFPGA-Danilo/lib/verilog/core/io_queues/cpu_dma_queue/src/cpu_dma_queue_regs.v vlg79/cpu__dma__queue__regs.bin 1452536700
MO rx_queue NULL /root/NetFPGA-Danilo/lib/verilog/core/io_queues/ethernet_queue/src/rx_queue.v vlg7A/rx__queue.bin 1452536700
MO input_arbiter NULL /root/NetFPGA-Danilo/lib/verilog/core/input_arbiter/rr_input_arbiter/src/input_arbiter.v vlg38/input__arbiter.bin 1452536700
MO oq_regs_generic_reg_grp NULL /root/NetFPGA-Danilo/lib/verilog/core/output_queues/sram_rr_output_queues/src/oq_regs_generic_reg_grp.v vlg15/oq__regs__generic__reg__grp.bin 1452536700
MO udp_reg_master NULL /root/NetFPGA-Danilo/lib/verilog/core/user_data_path/udp_reg_master/src/udp_reg_master.v vlg4D/udp__reg__master.bin 1452536700
MO CRC_gen NULL /root/NetFPGA-Danilo/lib/verilog/contrib/ucsd/gig_eth_mac/src/CRC_gen.v vlg41/_c_r_c__gen.bin 1452536700
